2026/09/08 00:33:16 accounts: AWS_REGION/NOTIFY_EMAIL_FROM unset — email verification and password reset are unavailable
2026/09/08 00:33:16 hire listening on :8080

 ┌───────────────────────────────────────────────────┐ 
 │                       hire                        │ 
 │                  Fiber v2.52.15                   │ 
 │               http://127.0.0.1:8080               │ 
 │       (bound on host 0.0.0.0 and port 8080)       │ 
 │                                                   │ 
 │ Handlers ........... 870  Processes ........... 1 │ 
 │ Prefork ....... Disabled  PID ............. 55839 │ 
 └───────────────────────────────────────────────────┘ 

00:33:48 | 200 |   18.621791ms |  | GET | /api/v1/mentors | -
00:33:49 | 200 |   16.633458ms |  | GET | /api/v1/mentors | -
00:33:54 | 200 |   39.494667ms |  | GET | /api/v1/mentors/anna-k/slots | -
00:33:55 | 200 |     7.94425ms |  | GET | /api/v1/mentors/anna-k/slots | -
00:35:05 | 200 |      14.737ms |  | GET | /api/v1/mentors | -
00:35:24 | 200 |    1.084417ms |  | GET | /api/v1/mentors | -
00:35:34 | 200 |       2.346ms |  | GET | /api/v1/mentors/anna-k | -
00:35:34 | 200 |   11.516542ms |  | GET | /api/v1/mentors/anna-k/slots | -
00:36:28 | 200 |    7.653708ms |  | GET | /api/v1/mentors/anna-k/slots | -
00:36:33 | 200 |    2.192333ms |  | GET | /api/v1/mentors/anna-k/slots | -
00:36:42 | 200 |     16.4305ms |  | GET | /api/v1/mentors/anna-k/slots | -
00:36:46 | 200 |    8.290209ms |  | GET | /api/v1/mentors/anna-k/slots | -
00:37:46 | 200 |   28.711625ms |  | GET | /api/v1/mentors/anna-k/slots | -
00:37:57 | 200 |    7.628416ms |  | GET | /api/v1/mentors/anna-k | -
00:37:59 | 200 |   34.788667ms |  | GET | /api/v1/mentors/anna-k/slots | -
00:38:00 | 200 |    3.042916ms |  | GET | /api/v1/mentors/anna-k | -
00:38:01 | 200 |     7.86125ms |  | GET | /api/v1/mentors/anna-k/slots | -
00:38:13 | 503 |    8.218667ms |  | GET | /api/v1/jobs/facets | search is not available
00:38:49 | 200 |   22.566125ms |  | GET | /api/v1/mentors/anna-k | -
00:38:50 | 200 |   62.978667ms |  | GET | /api/v1/mentors/anna-k/slots | -
00:39:03 | 503 |    2.140833ms |  | GET | /api/v1/jobs/facets | search is not available
00:39:17 | 200 |    1.433417ms |  | GET | /api/v1/mentors/anna-k | -
00:39:18 | 200 |   19.161917ms |  | GET | /api/v1/mentors/anna-k/slots | -
00:39:37 | 200 |     1.83575ms |  | GET | /api/v1/mentors/anna-k | -
00:39:37 | 200 |       1.821ms |  | GET | /api/v1/mentors/anna-k/slots | -
00:39:43 | 503 |      52.291µs |  | GET | /api/v1/jobs/facets | search is not available
00:40:37 | 200 |    55.70725ms |  | GET | /api/v1/mentors/anna-k/slots | -
00:41:36 | 200 |   21.260334ms |  | GET | /api/v1/mentors/anna-k | -
00:41:38 | 200 |   75.308583ms |  | GET | /api/v1/mentors/anna-k/slots | -
00:41:47 | 503 |   14.209875ms |  | GET | /api/v1/jobs/facets | search is not available
00:41:59 | 503 |    9.165042ms |  | GET | /api/v1/jobs/facets | search is not available
00:41:59 | 200 |  207.982041ms |  | GET | /api/v1/stats/catalog | -
00:41:59 | 503 |      1.0555ms |  | GET | /api/v1/jobs/facets | search is not available
00:41:59 | 200 |    1.556166ms |  | GET | /api/v1/feed/recent | -
00:42:02 | 200 |   12.512208ms |  | GET | /api/v1/mentors/anna-k | -
00:42:02 | 200 |   26.004208ms |  | GET | /api/v1/mentors/anna-k/slots | -
00:42:05 | 200 |   29.164834ms |  | GET | /api/v1/mentors | -
00:42:10 | 200 |    7.344667ms |  | GET | /api/v1/mentors | -
00:42:10 | 200 |    1.262792ms |  | GET | /api/v1/mentors | -
00:42:15 | 200 |     6.37375ms |  | GET | /api/v1/mentors | -
00:42:39 | 200 |    5.088459ms |  | GET | /api/v1/mentors | -
00:44:17 | 200 |   43.883042ms |  | GET | /api/v1/mentors | -
00:44:40 | 200 |    30.73425ms |  | GET | /api/v1/mentors | -
00:45:38 | 200 |   27.739334ms |  | GET | /api/v1/mentors | -
00:54:10 | 200 |      26.152ms |  | GET | /api/v1/mentors/anna-k | -
00:54:10 | 200 |    5.034083ms |  | GET | /api/v1/mentors/anna-k | -
00:54:11 | 200 |   28.828708ms |  | GET | /api/v1/mentors/anna-k/slots | -
00:54:45 | 200 |   18.883042ms |  | GET | /api/v1/mentors/anna-k/slots | -
00:55:11 | 200 |    7.866333ms |  | GET | /api/v1/mentors/anna-k/slots | -
00:55:52 | 200 |     3.47025ms |  | GET | /api/v1/mentors/anna-k | -
00:55:53 | 200 |    3.407125ms |  | GET | /api/v1/mentors/anna-k/slots | -
00:56:15 | 200 |    6.631083ms |  | GET | /api/v1/mentors/anna-k | -
00:56:15 | 200 |    6.837417ms |  | GET | /api/v1/mentors/anna-k/slots | -
00:57:16 | 200 |   73.548667ms |  | GET | /api/v1/mentors/anna-k/slots | -
00:57:38 | 200 |      32.629ms |  | GET | /api/v1/mentors/anna-k/slots | -
00:57:57 | 200 |   11.871833ms |  | GET | /api/v1/auth/oauth/providers | -
00:58:24 | 201 |    297.9545ms |  | POST | /api/v1/auth/register | -
00:58:24 | 200 |    5.837167ms |  | GET | /api/v1/auth/me | -
00:58:24 | 200 |   21.480875ms |  | GET | /api/v1/me/subscriptions | -
00:58:24 | 200 |      32.695ms |  | GET | /api/v1/me/webhook | -
00:58:24 | 200 |   38.106291ms |  | GET | /api/v1/me/telegram | -
00:58:24 | 200 |   40.380125ms |  | GET | /api/v1/me/resume | -
00:58:24 | 200 |   41.132292ms |  | GET | /api/v1/me/profile | -
00:58:24 | 200 |   42.317416ms |  | GET | /api/v1/me/notifications | -
00:58:24 | 200 |    6.945792ms |  | GET | /api/v1/auth/me | -
00:58:24 | 200 |    3.847417ms |  | GET | /api/v1/auth/me | -
00:58:24 | 200 |   11.003333ms |  | GET | /api/v1/mentors/anna-k | -
00:58:25 | 200 |     19.2195ms |  | GET | /api/v1/mentors/anna-k/slots | -
00:58:25 | 200 |    4.153125ms |  | GET | /api/v1/auth/me | -
00:58:25 | 200 |    1.085917ms |  | GET | /api/v1/me/resume | -
00:58:25 | 200 |    4.450417ms |  | GET | /api/v1/me/screening-answers | -
00:58:25 | 200 |      6.3755ms |  | GET | /api/v1/me/survey | -
00:58:36 | 200 |   11.081083ms |  | GET | /api/v1/auth/me | -
00:58:36 | 200 |   15.957375ms |  | GET | /api/v1/mentors/anna-k | -
00:58:37 | 200 |   10.404959ms |  | GET | /api/v1/me/resume | -
00:58:37 | 200 |   10.701125ms |  | GET | /api/v1/me/profile | -
00:58:37 | 200 |     10.7185ms |  | GET | /api/v1/me/webhook | -
00:58:37 | 200 |   13.196708ms |  | GET | /api/v1/me/subscriptions | -
00:58:37 | 200 |   16.580375ms |  | GET | /api/v1/me/telegram | -
00:58:37 | 200 |   17.081167ms |  | GET | /api/v1/me/notifications | -
00:58:37 | 200 |   26.890791ms |  | GET | /api/v1/auth/me | -
00:58:37 | 200 |   47.966792ms |  | GET | /api/v1/mentors/anna-k/slots | -
00:58:37 | 200 |    3.246708ms |  | GET | /api/v1/me/resume | -
00:58:37 | 200 |    1.062375ms |  | GET | /api/v1/me/survey | -
00:58:37 | 200 |    1.911542ms |  | GET | /api/v1/me/screening-answers | -
00:58:53 | 200 |   72.806541ms |  | POST | /api/v1/me/onboarding/complete | -
00:58:53 | 200 |    5.913625ms |  | GET | /api/v1/auth/me | -
00:58:53 | 200 |    1.930625ms |  | GET | /api/v1/auth/me | -
00:58:53 | 200 |   11.810875ms |  | GET | /api/v1/mentors/anna-k | -
00:58:53 | 200 |    3.957167ms |  | GET | /api/v1/auth/me | -
00:58:53 | 200 |   10.375667ms |  | GET | /api/v1/mentors/anna-k | -
00:58:53 | 200 |    8.311291ms |  | GET | /api/v1/mentors/anna-k/slots | -
00:58:56 | 200 |   12.585667ms |  | GET | /api/v1/auth/me | -
00:58:56 | 200 |   14.030375ms |  | GET | /api/v1/mentors/anna-k | -
00:58:57 | 200 |   11.809958ms |  | GET | /api/v1/me/resume | -
00:58:57 | 200 |   11.778792ms |  | GET | /api/v1/me/notifications | -
00:58:57 | 200 |   32.064333ms |  | GET | /api/v1/me/profile | -
00:58:57 | 200 |   30.565541ms |  | GET | /api/v1/me/subscriptions | -
00:58:57 | 200 |   35.348791ms |  | GET | /api/v1/me/webhook | -
00:58:57 | 200 |   36.981666ms |  | GET | /api/v1/me/telegram | -
00:58:57 | 200 |   15.581791ms |  | GET | /api/v1/mentors/anna-k/slots | -
00:59:20 | 201 |  285.275041ms |  | POST | /api/v1/mentors/anna-k/bookings | -
00:59:21 | 200 |    7.819834ms |  | GET | /api/v1/auth/me | -
00:59:21 | 200 |   14.138292ms |  | GET | /api/v1/me/mentorship/sessions/ec4971e2-3146-4145-b232-1f805fe5c3f7 | -
01:00:02 | 200 |   33.079417ms |  | GET | /api/v1/auth/me | -
01:00:02 | 200 |   38.908916ms |  | GET | /api/v1/me/mentorship/sessions | -
01:00:31 | 200 |  220.352584ms |  | GET | /api/v1/auth/me | -
01:00:31 | 200 |   239.98575ms |  | GET | /api/v1/me/mentorship/sessions/ec4971e2-3146-4145-b232-1f805fe5c3f7 | -
